// Jest Snapshot v1, https://goo.gl/fbAQLP

exports[`Notification should be hidden 1`] = `ShallowWrapper {}`;
